
Memory Configuration

Name             Origin             Length             Attributes
FLASH            0x08000000         0x00100000         xr
SRAM             0x20000000         0x00020000         xrw
*default*        0x00000000         0xffffffff

Linker script and memory map


.text           0x08000000      0xa60
 *(.isr_vector)
 .isr_vector    0x08000000      0x188 ../output/ThoNV_stm32_startup.o
                0x08000000                vectors
 *(.text)
 .text          0x08000188       0x38 ../output/main.o
                0x08000188                main
 .text          0x080001c0       0x8c ../output/ThoNV_stm32_startup.o
                0x080001c0                RTC_Alarm_IRQHandler
                0x080001c0                HASH_RNG_IRQHandler
                0x080001c0                EXTI2_IRQHandler
                0x080001c0                TIM8_CC_IRQHandler
                0x080001c0                DebugMon_Handler
                0x080001c0                TIM1_CC_IRQHandler
                0x080001c0                DMA2_Stream5_IRQHandler
                0x080001c0                HardFault_Handler
                0x080001c0                DMA1_Stream5_IRQHandler
                0x080001c0                SysTick_Handler
                0x080001c0                PVD_IRQHandler
                0x080001c0                SDIO_IRQHandler
                0x080001c0                TAMP_STAMP_IRQHandler
                0x080001c0                PendSV_Handler
                0x080001c0                NMI_Handler
                0x080001c0                CAN2_RX1_IRQHandler
                0x080001c0                EXTI3_IRQHandler
                0x080001c0                TIM8_TRG_COM_TIM14_IRQHandler
                0x080001c0                TIM1_UP_TIM10_IRQHandler
                0x080001c0                TIM8_UP_TIM13_IRQHandler
                0x080001c0                I2C3_ER_IRQHandler
                0x080001c0                EXTI0_IRQHandler
                0x080001c0                I2C2_EV_IRQHandler
                0x080001c0                DMA1_Stream2_IRQHandler
                0x080001c0                CAN1_RX0_IRQHandler
                0x080001c0                FPU_IRQHandler
                0x080001c0                OTG_HS_WKUP_IRQHandler
                0x080001c0                UsageFault_Handler
                0x080001c0                CAN2_SCE_IRQHandler
                0x080001c0                DMA2_Stream2_IRQHandler
                0x080001c0                SPI1_IRQHandler
                0x080001c0                TIM6_DAC_IRQHandler
                0x080001c0                TIM1_BRK_TIM9_IRQHandler
                0x080001c0                DCMI_IRQHandler
                0x080001c0                CAN2_RX0_IRQHandler
                0x080001c0                DMA2_Stream3_IRQHandler
                0x080001c0                USART6_IRQHandler
                0x080001c0                USART3_IRQHandler
                0x080001c0                CRYP_IRQHandler
                0x080001c0                DMA2_Stream6_IRQHandler
                0x080001c0                CAN1_RX1_IRQHandler
                0x080001c0                UART5_IRQHandler
                0x080001c0                DMA2_Stream0_IRQHandler
                0x080001c0                TIM4_IRQHandler
                0x080001c0                I2C1_EV_IRQHandler
                0x080001c0                DMA1_Stream6_IRQHandler
                0x080001c0                DMA1_Stream1_IRQHandler
                0x080001c0                UART4_IRQHandler
                0x080001c0                TIM3_IRQHandler
                0x080001c0                RCC_IRQHandler
                0x080001c0                TIM8_BRK_TIM12_IRQHandler
                0x080001c0                Default_Handler
                0x080001c0                EXTI15_10_IRQHandler
                0x080001c0                ADC_IRQHandler
                0x080001c0                DMA1_Stream7_IRQHandler
                0x080001c0                TIM7_IRQHandler
                0x080001c0                CAN2_TX_IRQHandler
                0x080001c0                TIM5_IRQHandler
                0x080001c0                DMA2_Stream7_IRQHandler
                0x080001c0                I2C3_EV_IRQHandler
                0x080001c0                EXTI9_5_IRQHandler
                0x080001c0                RTC_WKUP_IRQHandler
                0x080001c0                ETH_WKUP_IRQHandler
                0x080001c0                SPI2_IRQHandler
                0x080001c0                OTG_HS_EP1_IN_IRQHandler
                0x080001c0                MemManage_Handler
                0x080001c0                DMA1_Stream0_IRQHandler
                0x080001c0                CAN1_TX_IRQHandler
                0x080001c0                SVC_Handler
                0x080001c0                EXTI4_IRQHandler
                0x080001c0                FSMC_IRQHandler
                0x080001c0                ETH_IRQHandler
                0x080001c0                OTG_HS_EP1_OUT_IRQHandler
                0x080001c0                WWDG_IRQHandler
                0x080001c0                TIM2_IRQHandler
                0x080001c0                OTG_FS_WKUP_IRQHandler
                0x080001c0                TIM1_TRG_COM_TIM11_IRQHandler
                0x080001c0                OTG_HS_IRQHandler
                0x080001c0                EXTI1_IRQHandler
                0x080001c0                USART2_IRQHandler
                0x080001c0                I2C2_ER_IRQHandler
                0x080001c0                DMA2_Stream1_IRQHandler
                0x080001c0                CAN1_SCE_IRQHandler
                0x080001c0                DMA2_Stream4_IRQHandler
                0x080001c0                BusFault_Handler
                0x080001c0                USART1_IRQHandler
                0x080001c0                OTG_FS_IRQHandler
                0x080001c0                SPI3_IRQHandler
                0x080001c0                DMA1_Stream4_IRQHandler
                0x080001c0                I2C1_ER_IRQHandler
                0x080001c0                DMA1_Stream3_IRQHandler
                0x080001c6                Reset_Handler
 .text          0x0800024c      0x814 ../output/stm32f407xx_gpio_driver.o
                0x0800024c                GPIO_PeriClockControl
                0x08000354                GPIO_Init
                0x0800068c                GPIO_DeInit
                0x080007f8                GPIO_ReadFromInputPin
                0x08000822                GPIO_ReadFromInputPort
                0x0800083c                GPIO_WriteToOutputPin
                0x08000884                GPIO_WriteToOutputPort
                0x080008a0                GPIO_ToggleOutputPin
                0x080008c8                GPIO_IRQInterruptConfig
                0x080009d0                GPIO_IRQPriorityConfig
                0x08000a22                GPIO_IRQHandling
 *(.text.*)
 *(.init)
 *(.fini)
 *(.rodata)
 *(.rodata.*)
                0x08000a60                . = ALIGN (0x4)
                0x08000a60                _etext = .
                0x08000a60                _la_data = LOADADDR (.data)

.glue_7         0x08000a60        0x0
 .glue_7        0x08000a60        0x0 linker stubs

.glue_7t        0x08000a60        0x0
 .glue_7t       0x08000a60        0x0 linker stubs

.vfp11_veneer   0x08000a60        0x0
 .vfp11_veneer  0x08000a60        0x0 linker stubs

.v4_bx          0x08000a60        0x0
 .v4_bx         0x08000a60        0x0 linker stubs

.iplt           0x08000a60        0x0
 .iplt          0x08000a60        0x0 ../output/main.o

.rel.dyn        0x08000a60        0x0
 .rel.iplt      0x08000a60        0x0 ../output/main.o

.data           0x20000000        0x0 load address 0x08000a60
                0x20000000                _sdata = .
 *(.data)
 .data          0x20000000        0x0 ../output/main.o
 .data          0x20000000        0x0 ../output/ThoNV_stm32_startup.o
 .data          0x20000000        0x0 ../output/stm32f407xx_gpio_driver.o
 *(.data.*)
                0x20000000                . = ALIGN (0x4)
                0x20000000                _edata = .

.igot.plt       0x20000000        0x0 load address 0x08000a60
 .igot.plt      0x20000000        0x0 ../output/main.o

.bss            0x20000000        0x0 load address 0x08000a60
                0x20000000                _sbss = .
                0x20000000                __bss_start__ = _sbss
 *(.bss)
 .bss           0x20000000        0x0 ../output/main.o
 .bss           0x20000000        0x0 ../output/ThoNV_stm32_startup.o
 .bss           0x20000000        0x0 ../output/stm32f407xx_gpio_driver.o
 *(.bss.*)
 *(COMMON)
                0x20000000                . = ALIGN (0x4)
                0x20000000                _ebss = .
                0x20000000                __bss_end__ = _ebss
                0x20000000                . = ALIGN (0x4)
                0x20000000                end = .
                0x20000000                __end__ = .
LOAD ../output/main.o
LOAD ../output/ThoNV_stm32_startup.o
LOAD ../output/stm32f407xx_gpio_driver.o
OUTPUT(../output/gpio.elf elf32-littlearm)
LOAD linker stubs

.debug_info     0x00000000      0xb50
 .debug_info    0x00000000      0x20f ../output/main.o
 .debug_info    0x0000020f      0x188 ../output/ThoNV_stm32_startup.o
 .debug_info    0x00000397      0x7b9 ../output/stm32f407xx_gpio_driver.o

.debug_abbrev   0x00000000      0x30f
 .debug_abbrev  0x00000000       0xb9 ../output/main.o
 .debug_abbrev  0x000000b9       0xe6 ../output/ThoNV_stm32_startup.o
 .debug_abbrev  0x0000019f      0x170 ../output/stm32f407xx_gpio_driver.o

.debug_aranges  0x00000000       0x60
 .debug_aranges
                0x00000000       0x20 ../output/main.o
 .debug_aranges
                0x00000020       0x20 ../output/ThoNV_stm32_startup.o
 .debug_aranges
                0x00000040       0x20 ../output/stm32f407xx_gpio_driver.o

.debug_line     0x00000000      0x7f3
 .debug_line    0x00000000      0x11e ../output/main.o
 .debug_line    0x0000011e      0x135 ../output/ThoNV_stm32_startup.o
 .debug_line    0x00000253      0x5a0 ../output/stm32f407xx_gpio_driver.o

.debug_str      0x00000000      0x543
 .debug_str     0x00000000      0x1e7 ../output/main.o
                                0x231 (size before relaxing)
 .debug_str     0x000001e7       0x77 ../output/ThoNV_stm32_startup.o
                                0x1b2 (size before relaxing)
 .debug_str     0x0000025e      0x2e5 ../output/stm32f407xx_gpio_driver.o
                                0x50c (size before relaxing)

.comment        0x00000000       0x49
 .comment       0x00000000       0x49 ../output/main.o
                                 0x4a (size before relaxing)
 .comment       0x00000049       0x4a ../output/ThoNV_stm32_startup.o
 .comment       0x00000049       0x4a ../output/stm32f407xx_gpio_driver.o

.ARM.attributes
                0x00000000       0x2e
 .ARM.attributes
                0x00000000       0x2e ../output/main.o
 .ARM.attributes
                0x0000002e       0x2e ../output/ThoNV_stm32_startup.o
 .ARM.attributes
                0x0000005c       0x2e ../output/stm32f407xx_gpio_driver.o

.debug_frame    0x00000000      0x244
 .debug_frame   0x00000000       0x30 ../output/main.o
 .debug_frame   0x00000030       0x4c ../output/ThoNV_stm32_startup.o
 .debug_frame   0x0000007c      0x1c8 ../output/stm32f407xx_gpio_driver.o
